
> frontend@0.0.0 build
> tsc -b && vite build

src/pages/student/Certificates.tsx(10,20): error TS1109: Expression expected.
src/pages/student/Certificates.tsx(11,12): error TS1109: Expression expected.
src/pages/student/Certificates.tsx(12,1): error TS1128: Declaration or statement expected.
src/pages/student/Certificates.tsx(142,20): error TS1382: Unexpected token. Did you mean `{'>'}` or `&gt;`?
src/pages/student/Certificates.tsx(185,15): error TS17002: Expected corresponding JSX closing tag for 'div'.
src/pages/student/Certificates.tsx(186,11): error TS1005: ')' expected.
src/pages/student/Certificates.tsx(187,9): error TS1005: ')' expected.
src/pages/student/Certificates.tsx(189,5): error TS1128: Declaration or statement expected.
src/pages/student/Certificates.tsx(190,3): error TS1109: Expression expected.
src/pages/student/Certificates.tsx(191,1): error TS1128: Declaration or statement expected.
src/pages/student/Competitions.tsx(39,5): error TS1137: Expression or comma expected.
src/pages/student/Competitions.tsx(53,17): error TS1005: ';' expected.
src/pages/student/Competitions.tsx(54,13): error TS1005: ';' expected.
src/pages/student/Competitions.tsx(55,25): error TS1005: ';' expected.
src/pages/student/Competitions.tsx(56,7): error TS1109: Expression expected.
src/pages/student/Competitions.tsx(56,8): error TS1005: ',' expected.
src/pages/student/Competitions.tsx(57,5): error TS1128: Declaration or statement expected.
src/pages/student/Competitions.tsx(57,7): error TS1128: Declaration or statement expected.
src/pages/student/Competitions.tsx(68,3): error TS1128: Declaration or statement expected.
src/pages/student/Competitions.tsx(285,1): error TS1128: Declaration or statement expected.
src/pages/student/Internships.tsx(14,11): error TS1109: Expression expected.
src/pages/student/Internships.tsx(16,18): error TS1011: An element access expression should take an argument.
src/pages/student/Internships.tsx(18,20): error TS1109: Expression expected.
src/pages/student/Internships.tsx(20,11): error TS1109: Expression expected.
src/pages/student/Internships.tsx(21,1): error TS1128: Declaration or statement expected.
src/pages/student/Internships.tsx(149,7): error TS1128: Declaration or statement expected.
src/pages/student/Internships.tsx(149,14): error TS1128: Declaration or statement expected.
src/pages/student/Internships.tsx(151,5): error TS1128: Declaration or statement expected.
src/pages/student/Internships.tsx(152,3): error TS1128: Declaration or statement expected.
src/pages/student/Internships.tsx(513,1): error TS1128: Declaration or statement expected.
src/pages/student/Profile.tsx(486,1): error TS1128: Declaration or statement expected.
src/pages/student/StudentSkills.tsx(277,1): error TS1128: Declaration or statement expected.
